// Jest Snapshot v1, https://goo.gl/fbAQLP

exports[`Options name {Boolean} 1`] = `
"
  /**
   * Loader API Version: 2
   * Is this in \\"webpack mode\\": true
   */
  /**
   * Original Source From Loader
   */
  // console.log('foo');
"
`;
